// Vitest Snapshot v1, https://vitest.dev/guide/snapshot.html

exports[`<Button /> > Should render correctly 1`] = `
<div>
  <button
    class="MuiButtonBase-root MuiButton-root MuiButton-contained MuiButton-containedPrimary MuiButton-sizeMedium MuiButton-containedSizeMedium MuiButton-root MuiButton-contained MuiButton-containedPrimary MuiButton-sizeMedium MuiButton-containedSizeMedium loading-button css-sghohy-MuiButtonBase-root-MuiButton-root"
    tabindex="0"
    type="submit"
  >
    <div
      class="container-children  MuiBox-root css-0"
    >
      Log in
    </div>
    <span
      class="MuiTouchRipple-root css-8je8zh-MuiTouchRipple-root"
    />
  </button>
</div>
`;
